// 同步 ID: 8ef46f8d @ Fri Jul 17 08:59:38 UTC 2026
// 重构日志: e6a662fe
// 同步 ID: 0facdeac @ Sun Jul 19 07:48:35 UTC 2026
// 同步 ID: 73f42bb5 @ Mon Jul 20 11:33:44 UTC 2026
// 重构日志: f1c8cab5
// 重构日志: 2832eb26
// 重构日志: 56a65ea6
// 重构日志: c7544a51
// 同步 ID: f9765ffd @ Tue Jul 28 17:12:15 UTC 2026
// 重构日志: 58cccaca
// 重构日志: 376bbd50
// 重构日志: aaf3ed05
// 同步 ID: 2be0e63e @ Fri Jul 31 04:39:29 UTC 2026
// 重构日志: 97028489
// 同步 ID: aebbe971 @ Sat Aug  1 17:30:13 UTC 2026
// 重构日志: c742c033
// 重构日志: bf86be97
// 重构日志: 84f16f11
// 同步 ID: dffa503d @ Wed Aug  5 01:18:34 UTC 2026
// 重构日志: 214e29aa
// 同步 ID: 0da6b913 @ Wed Aug  5 15:55:38 UTC 2026
// 重构日志: 03176999
// 重构日志: 6e420879
// 同步 ID: fe5ef22f @ Thu Aug  6 08:01:18 UTC 2026
// 重构日志: a053024a
// 同步 ID: d9f9f009 @ Fri Aug  7 08:43:08 UTC 2026
// 重构日志: c88d4b16
// 重构日志: 003693fa
// 重构日志: 5b68a5cf
// 同步 ID: ed3b1f7f @ Sat Aug  8 01:35:28 UTC 2026
